../Core/Src/main.c:57:5:__io_putchar	16	static
../Core/Src/main.c:70:6:USART2_SendString	16	static
../Core/Src/main.c:83:19:Read_Chip_ID	32	static
../Core/Src/main.c:94:5:main	8	static
../Core/Src/main.c:183:6:SystemClock_Config	96	static
../Core/Src/main.c:232:6:PeriphCommonClock_Config	144	static
../Core/Src/main.c:258:13:MX_I2C2_Init	8	static
../Core/Src/main.c:306:13:MX_SAI2_Init	8	static
../Core/Src/main.c:355:13:MX_SPI3_Init	8	static
../Core/Src/main.c:395:13:MX_USART2_UART_Init	8	static
../Core/Src/main.c:428:13:MX_DMA_Init	16	static
../Core/Src/main.c:449:13:MX_GPIO_Init	48	static
../Core/Src/main.c:499:6:Error_Handler	4	static,ignoring_inline_asm
